// Jest Snapshot v1, https://goo.gl/fbAQLP

exports[`deleteRemote missing argument 1`] = `
Object {
  "caller": "git.deleteRemote",
  "code": "MissingRequiredParameterError",
  "data": Object {
    "function": "deleteRemote",
    "parameter": "remote",
  },
  "message": "The function \\"deleteRemote\\" requires a \\"remote\\" parameter but none was provided.",
}
`;
