// Jest Snapshot v1, https://goo.gl/fbAQLP

exports[`readTag annotated tag 1`] = `
Object {
  "oid": "587d3f8290b513e2ee85ecd317e6efecd545aee6",
  "payload": "object 033417ae18b174f078f2f44232cb7a374f4c60ce
type commit
tag mytag
tagger William Hilton <wmhilton@gmail.com> 1578802395 -0500

This is a tag message.

",
  "tag": Object {
    "message": "This is a tag message.
",
    "object": "033417ae18b174f078f2f44232cb7a374f4c60ce",
    "signature": undefined,
    "tag": "mytag",
    "tagger": Object {
      "email": "wmhilton@gmail.com",
      "name": "William Hilton",
      "timestamp": 1578802395,
      "timezoneOffset": 300,
    },
    "type": "commit",
  },
}
`;
