// Jest Snapshot v1, https://goo.gl/fbAQLP

exports[`commit throw error if missing author 1`] = `
Object {
  "caller": "git.commit",
  "code": "MissingAuthorError",
  "data": undefined,
  "message": "Author name and email must be specified as an argument or in the .git/config file.",
}
`;

exports[`commit throw error if missing author 2`] = `
Object {
  "caller": "git.commit",
  "code": "MissingAuthorError",
  "data": undefined,
  "message": "Author name and email must be specified as an argument or in the .git/config file.",
}
`;
