// Jest Snapshot v1, https://goo.gl/fbAQLP

exports[`fetch shallow fetch (from Github) 1`] = `
Array [
  Object {
    "lengthComputable": true,
    "loaded": 0,
    "total": 551,
  },
  Object {
    "lengthComputable": true,
    "loaded": 1,
    "total": 551,
  },
  Object {
    "lengthComputable": true,
    "loaded": 2,
    "total": 551,
  },
  Object {
    "lengthComputable": true,
    "loaded": 3,
    "total": 551,
  },
  Object {
    "lengthComputable": true,
    "loaded": 4,
    "total": 551,
  },
  Object {
    "lengthComputable": true,
    "loaded": 5,
    "total": 551,
  },
  Object {
    "lengthComputable": true,
    "loaded": 6,
    "total": 551,
  },
  Object {
    "lengthComputable": true,
    "loaded": 7,
    "total": 551,
  },
  Object {
    "lengthComputable": true,
    "loaded": 8,
    "total": 551,
  },
  Object {
    "lengthComputable": true,
    "loaded": 9,
    "total": 551,
  },
  Object {
    "lengthComputable": true,
    "loaded": 10,
    "total": 551,
  },
  Object {
    "lengthComputable": true,
    "loaded": 11,
    "total": 551,
  },
  Object {
    "lengthComputable": true,
    "loaded": 12,
    "total": 551,
  },
  Object {
    "lengthComputable": true,
    "loaded": 13,
    "total": 551,
  },
  Object {
    "lengthComputable": true,
    "loaded": 14,
    "total": 551,
  },
  Object {
    "lengthComputable": true,
    "loaded": 15,
    "total": 551,
  },
  Object {
    "lengthComputable": true,
    "loaded": 16,
    "total": 551,
  },
  Object {
    "lengthComputable": true,
    "loaded": 17,
    "total": 551,
  },
  Object {
    "lengthComputable": true,
    "loaded": 18,
    "total": 551,
  },
  Object {
    "lengthComputable": true,
    "loaded": 19,
    "total": 551,
  },
  Object {
    "lengthComputable": true,
    "loaded": 20,
    "total": 551,
  },
  Object {
    "lengthComputable": true,
    "loaded": 21,
    "total": 551,
  },
  Object {
    "lengthComputable": true,
    "loaded": 22,
    "total": 551,
  },
  Object {
    "lengthComputable": true,
    "loaded": 23,
    "total": 551,
  },
  Object {
    "lengthComputable": true,
    "loaded": 24,
    "total": 551,
  },
  Object {
    "lengthComputable": true,
    "loaded": 25,
    "total": 551,
  },
  Object {
    "lengthComputable": true,
    "loaded": 26,
    "total": 551,
  },
  Object {
    "lengthComputable": true,
    "loaded": 27,
    "total": 551,
  },
  Object {
    "lengthComputable": true,
    "loaded": 28,
    "total": 551,
  },
  Object {
    "lengthComputable": true,
    "loaded": 29,
    "total": 551,
  },
  Object {
    "lengthComputable": true,
    "loaded": 30,
    "total": 551,
  },
  Object {
    "lengthComputable": true,
    "loaded": 31,
    "total": 551,
  },
  Object {
    "lengthComputable": true,
    "loaded": 32,
    "total": 551,
  },
  Object {
    "lengthComputable": true,
    "loaded": 33,
    "total": 551,
  },
  Object {
    "lengthComputable": true,
    "loaded": 34,
    "total": 551,
  },
  Object {
    "lengthComputable": true,
    "loaded": 35,
    "total": 551,
  },
  Object {
    "lengthComputable": true,
    "loaded": 36,
    "total": 551,
  },
  Object {
    "lengthComputable": true,
    "loaded": 37,
    "total": 551,
  },
  Object {
    "lengthComputable": true,
    "loaded": 38,
    "total": 551,
  },
  Object {
    "lengthComputable": true,
    "loaded": 39,
    "total": 551,
  },
  Object {
    "lengthComputable": true,
    "loaded": 40,
    "total": 551,
  },
  Object {
    "lengthComputable": true,
    "loaded": 41,
    "total": 551,
  },
  Object {
    "lengthComputable": true,
    "loaded": 42,
    "total": 551,
  },
  Object {
    "lengthComputable": true,
    "loaded": 43,
    "total": 551,
  },
  Object {
    "lengthComputable": true,
    "loaded": 44,
    "total": 551,
  },
  Object {
    "lengthComputable": true,
    "loaded": 45,
    "total": 551,
  },
  Object {
    "lengthComputable": true,
    "loaded": 46,
    "total": 551,
  },
  Object {
    "lengthComputable": true,
    "loaded": 47,
    "total": 551,
  },
  Object {
    "lengthComputable": true,
    "loaded": 48,
    "total": 551,
  },
  Object {
    "lengthComputable": true,
    "loaded": 49,
    "total": 551,
  },
  Object {
    "lengthComputable": true,
    "loaded": 50,
    "total": 551,
  },
  Object {
    "lengthComputable": true,
    "loaded": 51,
    "total": 551,
  },
  Object {
    "lengthComputable": true,
    "loaded": 52,
    "total": 551,
  },
  Object {
    "lengthComputable": true,
    "loaded": 53,
    "total": 551,
  },
  Object {
    "lengthComputable": true,
    "loaded": 54,
    "total": 551,
  },
  Object {
    "lengthComputable": true,
    "loaded": 55,
    "total": 551,
  },
  Object {
    "lengthComputable": true,
    "loaded": 56,
    "total": 551,
  },
  Object {
    "lengthComputable": true,
    "loaded": 57,
    "total": 551,
  },
  Object {
    "lengthComputable": true,
    "loaded": 58,
    "total": 551,
  },
  Object {
    "lengthComputable": true,
    "loaded": 59,
    "total": 551,
  },
  Object {
    "lengthComputable": true,
    "loaded": 60,
    "total": 551,
  },
  Object {
    "lengthComputable": true,
    "loaded": 61,
    "total": 551,
  },
  Object {
    "lengthComputable": true,
    "loaded": 62,
    "total": 551,
  },
  Object {
    "lengthComputable": true,
    "loaded": 63,
    "total": 551,
  },
  Object {
    "lengthComputable": true,
    "loaded": 64,
    "total": 551,
  },
  Object {
    "lengthComputable": true,
    "loaded": 65,
    "total": 551,
  },
  Object {
    "lengthComputable": true,
    "loaded": 66,
    "total": 551,
  },
  Object {
    "lengthComputable": true,
    "loaded": 67,
    "total": 551,
  },
  Object {
    "lengthComputable": true,
    "loaded": 68,
    "total": 551,
  },
  Object {
    "lengthComputable": true,
    "loaded": 69,
    "total": 551,
  },
  Object {
    "lengthComputable": true,
    "loaded": 70,
    "total": 551,
  },
  Object {
    "lengthComputable": true,
    "loaded": 71,
    "total": 551,
  },
  Object {
    "lengthComputable": true,
    "loaded": 72,
    "total": 551,
  },
  Object {
    "lengthComputable": true,
    "loaded": 73,
    "total": 551,
  },
  Object {
    "lengthComputable": true,
    "loaded": 74,
    "total": 551,
  },
  Object {
    "lengthComputable": true,
    "loaded": 75,
    "total": 551,
  },
  Object {
    "lengthComputable": true,
    "loaded": 76,
    "total": 551,
  },
  Object {
    "lengthComputable": true,
    "loaded": 77,
    "total": 551,
  },
  Object {
    "lengthComputable": true,
    "loaded": 78,
    "total": 551,
  },
  Object {
    "lengthComputable": true,
    "loaded": 79,
    "total": 551,
  },
  Object {
    "lengthComputable": true,
    "loaded": 80,
    "total": 551,
  },
  Object {
    "lengthComputable": true,
    "loaded": 81,
    "total": 551,
  },
  Object {
    "lengthComputable": true,
    "loaded": 82,
    "total": 551,
  },
  Object {
    "lengthComputable": true,
    "loaded": 83,
    "total": 551,
  },
  Object {
    "lengthComputable": true,
    "loaded": 84,
    "total": 551,
  },
  Object {
    "lengthComputable": true,
    "loaded": 85,
    "total": 551,
  },
  Object {
    "lengthComputable": true,
    "loaded": 86,
    "total": 551,
  },
  Object {
    "lengthComputable": true,
    "loaded": 87,
    "total": 551,
  },
  Object {
    "lengthComputable": true,
    "loaded": 88,
    "total": 551,
  },
  Object {
    "lengthComputable": true,
    "loaded": 89,
    "total": 551,
  },
  Object {
    "lengthComputable": true,
    "loaded": 90,
    "total": 551,
  },
  Object {
    "lengthComputable": true,
    "loaded": 91,
    "total": 551,
  },
  Object {
    "lengthComputable": true,
    "loaded": 92,
    "total": 551,
  },
  Object {
    "lengthComputable": true,
    "loaded": 93,
    "total": 551,
  },
  Object {
    "lengthComputable": true,
    "loaded": 94,
    "total": 551,
  },
  Object {
    "lengthComputable": true,
    "loaded": 95,
    "total": 551,
  },
  Object {
    "lengthComputable": true,
    "loaded": 96,
    "total": 551,
  },
  Object {
    "lengthComputable": true,
    "loaded": 97,
    "total": 551,
  },
  Object {
    "lengthComputable": true,
    "loaded": 98,
    "total": 551,
  },
  Object {
    "lengthComputable": true,
    "loaded": 99,
    "total": 551,
  },
  Object {
    "lengthComputable": true,
    "loaded": 100,
    "total": 551,
  },
  Object {
    "lengthComputable": true,
    "loaded": 101,
    "total": 551,
  },
  Object {
    "lengthComputable": true,
    "loaded": 102,
    "total": 551,
  },
  Object {
    "lengthComputable": true,
    "loaded": 103,
    "total": 551,
  },
  Object {
    "lengthComputable": true,
    "loaded": 104,
    "total": 551,
  },
  Object {
    "lengthComputable": true,
    "loaded": 105,
    "total": 551,
  },
  Object {
    "lengthComputable": true,
    "loaded": 106,
    "total": 551,
  },
  Object {
    "lengthComputable": true,
    "loaded": 107,
    "total": 551,
  },
  Object {
    "lengthComputable": true,
    "loaded": 108,
    "total": 551,
  },
  Object {
    "lengthComputable": true,
    "loaded": 109,
    "total": 551,
  },
  Object {
    "lengthComputable": true,
    "loaded": 110,
    "total": 551,
  },
  Object {
    "lengthComputable": true,
    "loaded": 111,
    "total": 551,
  },
  Object {
    "lengthComputable": true,
    "loaded": 112,
    "total": 551,
  },
  Object {
    "lengthComputable": true,
    "loaded": 113,
    "total": 551,
  },
  Object {
    "lengthComputable": true,
    "loaded": 114,
    "total": 551,
  },
  Object {
    "lengthComputable": true,
    "loaded": 115,
    "total": 551,
  },
  Object {
    "lengthComputable": true,
    "loaded": 116,
    "total": 551,
  },
  Object {
    "lengthComputable": true,
    "loaded": 117,
    "total": 551,
  },
  Object {
    "lengthComputable": true,
    "loaded": 118,
    "total": 551,
  },
  Object {
    "lengthComputable": true,
    "loaded": 119,
    "total": 551,
  },
  Object {
    "lengthComputable": true,
    "loaded": 120,
    "total": 551,
  },
  Object {
    "lengthComputable": true,
    "loaded": 121,
    "total": 551,
  },
  Object {
    "lengthComputable": true,
    "loaded": 122,
    "total": 551,
  },
  Object {
    "lengthComputable": true,
    "loaded": 123,
    "total": 551,
  },
  Object {
    "lengthComputable": true,
    "loaded": 124,
    "total": 551,
  },
  Object {
    "lengthComputable": true,
    "loaded": 125,
    "total": 551,
  },
  Object {
    "lengthComputable": true,
    "loaded": 126,
    "total": 551,
  },
  Object {
    "lengthComputable": true,
    "loaded": 127,
    "total": 551,
  },
  Object {
    "lengthComputable": true,
    "loaded": 128,
    "total": 551,
  },
  Object {
    "lengthComputable": true,
    "loaded": 129,
    "total": 551,
  },
  Object {
    "lengthComputable": true,
    "loaded": 130,
    "total": 551,
  },
  Object {
    "lengthComputable": true,
    "loaded": 131,
    "total": 551,
  },
  Object {
    "lengthComputable": true,
    "loaded": 132,
    "total": 551,
  },
  Object {
    "lengthComputable": true,
    "loaded": 133,
    "total": 551,
  },
  Object {
    "lengthComputable": true,
    "loaded": 134,
    "total": 551,
  },
  Object {
    "lengthComputable": true,
    "loaded": 135,
    "total": 551,
  },
  Object {
    "lengthComputable": true,
    "loaded": 136,
    "total": 551,
  },
  Object {
    "lengthComputable": true,
    "loaded": 137,
    "total": 551,
  },
  Object {
    "lengthComputable": true,
    "loaded": 138,
    "total": 551,
  },
  Object {
    "lengthComputable": true,
    "loaded": 139,
    "total": 551,
  },
  Object {
    "lengthComputable": true,
    "loaded": 140,
    "total": 551,
  },
  Object {
    "lengthComputable": true,
    "loaded": 141,
    "total": 551,
  },
  Object {
    "lengthComputable": true,
    "loaded": 142,
    "total": 551,
  },
  Object {
    "lengthComputable": true,
    "loaded": 143,
    "total": 551,
  },
  Object {
    "lengthComputable": true,
    "loaded": 144,
    "total": 551,
  },
  Object {
    "lengthComputable": true,
    "loaded": 145,
    "total": 551,
  },
  Object {
    "lengthComputable": true,
    "loaded": 146,
    "total": 551,
  },
  Object {
    "lengthComputable": true,
    "loaded": 147,
    "total": 551,
  },
  Object {
    "lengthComputable": true,
    "loaded": 148,
    "total": 551,
  },
  Object {
    "lengthComputable": true,
    "loaded": 149,
    "total": 551,
  },
  Object {
    "lengthComputable": true,
    "loaded": 150,
    "total": 551,
  },
  Object {
    "lengthComputable": true,
    "loaded": 151,
    "total": 551,
  },
  Object {
    "lengthComputable": true,
    "loaded": 152,
    "total": 551,
  },
  Object {
    "lengthComputable": true,
    "loaded": 153,
    "total": 551,
  },
  Object {
    "lengthComputable": true,
    "loaded": 154,
    "total": 551,
  },
  Object {
    "lengthComputable": true,
    "loaded": 155,
    "total": 551,
  },
  Object {
    "lengthComputable": true,
    "loaded": 156,
    "total": 551,
  },
  Object {
    "lengthComputable": true,
    "loaded": 157,
    "total": 551,
  },
  Object {
    "lengthComputable": true,
    "loaded": 158,
    "total": 551,
  },
  Object {
    "lengthComputable": true,
    "loaded": 159,
    "total": 551,
  },
  Object {
    "lengthComputable": true,
    "loaded": 160,
    "total": 551,
  },
  Object {
    "lengthComputable": true,
    "loaded": 161,
    "total": 551,
  },
  Object {
    "lengthComputable": true,
    "loaded": 162,
    "total": 551,
  },
  Object {
    "lengthComputable": true,
    "loaded": 163,
    "total": 551,
  },
  Object {
    "lengthComputable": true,
    "loaded": 164,
    "total": 551,
  },
  Object {
    "lengthComputable": true,
    "loaded": 165,
    "total": 551,
  },
  Object {
    "lengthComputable": true,
    "loaded": 166,
    "total": 551,
  },
  Object {
    "lengthComputable": true,
    "loaded": 167,
    "total": 551,
  },
  Object {
    "lengthComputable": true,
    "loaded": 168,
    "total": 551,
  },
  Object {
    "lengthComputable": true,
    "loaded": 169,
    "total": 551,
  },
  Object {
    "lengthComputable": true,
    "loaded": 170,
    "total": 551,
  },
  Object {
    "lengthComputable": true,
    "loaded": 171,
    "total": 551,
  },
  Object {
    "lengthComputable": true,
    "loaded": 172,
    "total": 551,
  },
  Object {
    "lengthComputable": true,
    "loaded": 173,
    "total": 551,
  },
  Object {
    "lengthComputable": true,
    "loaded": 174,
    "total": 551,
  },
  Object {
    "lengthComputable": true,
    "loaded": 175,
    "total": 551,
  },
  Object {
    "lengthComputable": true,
    "loaded": 176,
    "total": 551,
  },
  Object {
    "lengthComputable": true,
    "loaded": 177,
    "total": 551,
  },
  Object {
    "lengthComputable": true,
    "loaded": 178,
    "total": 551,
  },
  Object {
    "lengthComputable": true,
    "loaded": 179,
    "total": 551,
  },
  Object {
    "lengthComputable": true,
    "loaded": 180,
    "total": 551,
  },
  Object {
    "lengthComputable": true,
    "loaded": 181,
    "total": 551,
  },
  Object {
    "lengthComputable": true,
    "loaded": 182,
    "total": 551,
  },
  Object {
    "lengthComputable": true,
    "loaded": 183,
    "total": 551,
  },
  Object {
    "lengthComputable": true,
    "loaded": 184,
    "total": 551,
  },
  Object {
    "lengthComputable": true,
    "loaded": 185,
    "total": 551,
  },
  Object {
    "lengthComputable": true,
    "loaded": 186,
    "total": 551,
  },
  Object {
    "lengthComputable": true,
    "loaded": 187,
    "total": 551,
  },
  Object {
    "lengthComputable": true,
    "loaded": 188,
    "total": 551,
  },
  Object {
    "lengthComputable": true,
    "loaded": 189,
    "total": 551,
  },
  Object {
    "lengthComputable": true,
    "loaded": 190,
    "total": 551,
  },
  Object {
    "lengthComputable": true,
    "loaded": 191,
    "total": 551,
  },
  Object {
    "lengthComputable": true,
    "loaded": 192,
    "total": 551,
  },
  Object {
    "lengthComputable": true,
    "loaded": 193,
    "total": 551,
  },
  Object {
    "lengthComputable": true,
    "loaded": 194,
    "total": 551,
  },
  Object {
    "lengthComputable": true,
    "loaded": 195,
    "total": 551,
  },
  Object {
    "lengthComputable": true,
    "loaded": 196,
    "total": 551,
  },
  Object {
    "lengthComputable": true,
    "loaded": 197,
    "total": 551,
  },
  Object {
    "lengthComputable": true,
    "loaded": 198,
    "total": 551,
  },
  Object {
    "lengthComputable": true,
    "loaded": 199,
    "total": 551,
  },
  Object {
    "lengthComputable": true,
    "loaded": 200,
    "total": 551,
  },
  Object {
    "lengthComputable": true,
    "loaded": 201,
    "total": 551,
  },
  Object {
    "lengthComputable": true,
    "loaded": 202,
    "total": 551,
  },
  Object {
    "lengthComputable": true,
    "loaded": 203,
    "total": 551,
  },
  Object {
    "lengthComputable": true,
    "loaded": 204,
    "total": 551,
  },
  Object {
    "lengthComputable": true,
    "loaded": 205,
    "total": 551,
  },
  Object {
    "lengthComputable": true,
    "loaded": 206,
    "total": 551,
  },
  Object {
    "lengthComputable": true,
    "loaded": 207,
    "total": 551,
  },
  Object {
    "lengthComputable": true,
    "loaded": 208,
    "total": 551,
  },
  Object {
    "lengthComputable": true,
    "loaded": 209,
    "total": 551,
  },
  Object {
    "lengthComputable": true,
    "loaded": 210,
    "total": 551,
  },
  Object {
    "lengthComputable": true,
    "loaded": 211,
    "total": 551,
  },
  Object {
    "lengthComputable": true,
    "loaded": 212,
    "total": 551,
  },
  Object {
    "lengthComputable": true,
    "loaded": 213,
    "total": 551,
  },
  Object {
    "lengthComputable": true,
    "loaded": 214,
    "total": 551,
  },
  Object {
    "lengthComputable": true,
    "loaded": 215,
    "total": 551,
  },
  Object {
    "lengthComputable": true,
    "loaded": 216,
    "total": 551,
  },
  Object {
    "lengthComputable": true,
    "loaded": 217,
    "total": 551,
  },
  Object {
    "lengthComputable": true,
    "loaded": 218,
    "total": 551,
  },
  Object {
    "lengthComputable": true,
    "loaded": 219,
    "total": 551,
  },
  Object {
    "lengthComputable": true,
    "loaded": 220,
    "total": 551,
  },
  Object {
    "lengthComputable": true,
    "loaded": 221,
    "total": 551,
  },
  Object {
    "lengthComputable": true,
    "loaded": 222,
    "total": 551,
  },
  Object {
    "lengthComputable": true,
    "loaded": 223,
    "total": 551,
  },
  Object {
    "lengthComputable": true,
    "loaded": 224,
    "total": 551,
  },
  Object {
    "lengthComputable": true,
    "loaded": 225,
    "total": 551,
  },
  Object {
    "lengthComputable": true,
    "loaded": 226,
    "total": 551,
  },
  Object {
    "lengthComputable": true,
    "loaded": 227,
    "total": 551,
  },
  Object {
    "lengthComputable": true,
    "loaded": 228,
    "total": 551,
  },
  Object {
    "lengthComputable": true,
    "loaded": 229,
    "total": 551,
  },
  Object {
    "lengthComputable": true,
    "loaded": 230,
    "total": 551,
  },
  Object {
    "lengthComputable": true,
    "loaded": 231,
    "total": 551,
  },
  Object {
    "lengthComputable": true,
    "loaded": 232,
    "total": 551,
  },
  Object {
    "lengthComputable": true,
    "loaded": 233,
    "total": 551,
  },
  Object {
    "lengthComputable": true,
    "loaded": 234,
    "total": 551,
  },
  Object {
    "lengthComputable": true,
    "loaded": 235,
    "total": 551,
  },
  Object {
    "lengthComputable": true,
    "loaded": 236,
    "total": 551,
  },
  Object {
    "lengthComputable": true,
    "loaded": 237,
    "total": 551,
  },
  Object {
    "lengthComputable": true,
    "loaded": 238,
    "total": 551,
  },
  Object {
    "lengthComputable": true,
    "loaded": 239,
    "total": 551,
  },
  Object {
    "lengthComputable": true,
    "loaded": 240,
    "total": 551,
  },
  Object {
    "lengthComputable": true,
    "loaded": 241,
    "total": 551,
  },
  Object {
    "lengthComputable": true,
    "loaded": 242,
    "total": 551,
  },
  Object {
    "lengthComputable": true,
    "loaded": 243,
    "total": 551,
  },
  Object {
    "lengthComputable": true,
    "loaded": 244,
    "total": 551,
  },
  Object {
    "lengthComputable": true,
    "loaded": 245,
    "total": 551,
  },
  Object {
    "lengthComputable": true,
    "loaded": 246,
    "total": 551,
  },
  Object {
    "lengthComputable": true,
    "loaded": 247,
    "total": 551,
  },
  Object {
    "lengthComputable": true,
    "loaded": 248,
    "total": 551,
  },
  Object {
    "lengthComputable": true,
    "loaded": 249,
    "total": 551,
  },
  Object {
    "lengthComputable": true,
    "loaded": 250,
    "total": 551,
  },
  Object {
    "lengthComputable": true,
    "loaded": 251,
    "total": 551,
  },
  Object {
    "lengthComputable": true,
    "loaded": 252,
    "total": 551,
  },
  Object {
    "lengthComputable": true,
    "loaded": 253,
    "total": 551,
  },
  Object {
    "lengthComputable": true,
    "loaded": 254,
    "total": 551,
  },
  Object {
    "lengthComputable": true,
    "loaded": 255,
    "total": 551,
  },
  Object {
    "lengthComputable": true,
    "loaded": 256,
    "total": 551,
  },
  Object {
    "lengthComputable": true,
    "loaded": 257,
    "total": 551,
  },
  Object {
    "lengthComputable": true,
    "loaded": 258,
    "total": 551,
  },
  Object {
    "lengthComputable": true,
    "loaded": 259,
    "total": 551,
  },
  Object {
    "lengthComputable": true,
    "loaded": 260,
    "total": 551,
  },
  Object {
    "lengthComputable": true,
    "loaded": 261,
    "total": 551,
  },
  Object {
    "lengthComputable": true,
    "loaded": 262,
    "total": 551,
  },
  Object {
    "lengthComputable": true,
    "loaded": 263,
    "total": 551,
  },
  Object {
    "lengthComputable": true,
    "loaded": 264,
    "total": 551,
  },
  Object {
    "lengthComputable": true,
    "loaded": 265,
    "total": 551,
  },
  Object {
    "lengthComputable": true,
    "loaded": 266,
    "total": 551,
  },
  Object {
    "lengthComputable": true,
    "loaded": 267,
    "total": 551,
  },
  Object {
    "lengthComputable": true,
    "loaded": 268,
    "total": 551,
  },
  Object {
    "lengthComputable": true,
    "loaded": 269,
    "total": 551,
  },
  Object {
    "lengthComputable": true,
    "loaded": 270,
    "total": 551,
  },
  Object {
    "lengthComputable": true,
    "loaded": 271,
    "total": 551,
  },
  Object {
    "lengthComputable": true,
    "loaded": 272,
    "total": 551,
  },
  Object {
    "lengthComputable": true,
    "loaded": 273,
    "total": 551,
  },
  Object {
    "lengthComputable": true,
    "loaded": 274,
    "total": 551,
  },
  Object {
    "lengthComputable": true,
    "loaded": 275,
    "total": 551,
  },
  Object {
    "lengthComputable": true,
    "loaded": 276,
    "total": 551,
  },
  Object {
    "lengthComputable": true,
    "loaded": 277,
    "total": 551,
  },
  Object {
    "lengthComputable": true,
    "loaded": 278,
    "total": 551,
  },
  Object {
    "lengthComputable": true,
    "loaded": 279,
    "total": 551,
  },
  Object {
    "lengthComputable": true,
    "loaded": 280,
    "total": 551,
  },
  Object {
    "lengthComputable": true,
    "loaded": 281,
    "total": 551,
  },
  Object {
    "lengthComputable": true,
    "loaded": 282,
    "total": 551,
  },
  Object {
    "lengthComputable": true,
    "loaded": 283,
    "total": 551,
  },
  Object {
    "lengthComputable": true,
    "loaded": 284,
    "total": 551,
  },
  Object {
    "lengthComputable": true,
    "loaded": 285,
    "total": 551,
  },
  Object {
    "lengthComputable": true,
    "loaded": 286,
    "total": 551,
  },
  Object {
    "lengthComputable": true,
    "loaded": 287,
    "total": 551,
  },
  Object {
    "lengthComputable": true,
    "loaded": 288,
    "total": 551,
  },
  Object {
    "lengthComputable": true,
    "loaded": 289,
    "total": 551,
  },
  Object {
    "lengthComputable": true,
    "loaded": 290,
    "total": 551,
  },
  Object {
    "lengthComputable": true,
    "loaded": 291,
    "total": 551,
  },
  Object {
    "lengthComputable": true,
    "loaded": 292,
    "total": 551,
  },
  Object {
    "lengthComputable": true,
    "loaded": 293,
    "total": 551,
  },
  Object {
    "lengthComputable": true,
    "loaded": 294,
    "total": 551,
  },
  Object {
    "lengthComputable": true,
    "loaded": 295,
    "total": 551,
  },
  Object {
    "lengthComputable": true,
    "loaded": 296,
    "total": 551,
  },
  Object {
    "lengthComputable": true,
    "loaded": 297,
    "total": 551,
  },
  Object {
    "lengthComputable": true,
    "loaded": 298,
    "total": 551,
  },
  Object {
    "lengthComputable": true,
    "loaded": 299,
    "total": 551,
  },
  Object {
    "lengthComputable": true,
    "loaded": 300,
    "total": 551,
  },
  Object {
    "lengthComputable": true,
    "loaded": 301,
    "total": 551,
  },
  Object {
    "lengthComputable": true,
    "loaded": 302,
    "total": 551,
  },
  Object {
    "lengthComputable": true,
    "loaded": 303,
    "total": 551,
  },
  Object {
    "lengthComputable": true,
    "loaded": 304,
    "total": 551,
  },
  Object {
    "lengthComputable": true,
    "loaded": 305,
    "total": 551,
  },
  Object {
    "lengthComputable": true,
    "loaded": 306,
    "total": 551,
  },
  Object {
    "lengthComputable": true,
    "loaded": 307,
    "total": 551,
  },
  Object {
    "lengthComputable": true,
    "loaded": 308,
    "total": 551,
  },
  Object {
    "lengthComputable": true,
    "loaded": 309,
    "total": 551,
  },
  Object {
    "lengthComputable": true,
    "loaded": 310,
    "total": 551,
  },
  Object {
    "lengthComputable": true,
    "loaded": 311,
    "total": 551,
  },
  Object {
    "lengthComputable": true,
    "loaded": 312,
    "total": 551,
  },
  Object {
    "lengthComputable": true,
    "loaded": 313,
    "total": 551,
  },
  Object {
    "lengthComputable": true,
    "loaded": 314,
    "total": 551,
  },
  Object {
    "lengthComputable": true,
    "loaded": 315,
    "total": 551,
  },
  Object {
    "lengthComputable": true,
    "loaded": 316,
    "total": 551,
  },
  Object {
    "lengthComputable": true,
    "loaded": 317,
    "total": 551,
  },
  Object {
    "lengthComputable": true,
    "loaded": 318,
    "total": 551,
  },
  Object {
    "lengthComputable": true,
    "loaded": 319,
    "total": 551,
  },
  Object {
    "lengthComputable": true,
    "loaded": 320,
    "total": 551,
  },
  Object {
    "lengthComputable": true,
    "loaded": 321,
    "total": 551,
  },
  Object {
    "lengthComputable": true,
    "loaded": 322,
    "total": 551,
  },
  Object {
    "lengthComputable": true,
    "loaded": 323,
    "total": 551,
  },
  Object {
    "lengthComputable": true,
    "loaded": 324,
    "total": 551,
  },
  Object {
    "lengthComputable": true,
    "loaded": 325,
    "total": 551,
  },
  Object {
    "lengthComputable": true,
    "loaded": 326,
    "total": 551,
  },
  Object {
    "lengthComputable": true,
    "loaded": 327,
    "total": 551,
  },
  Object {
    "lengthComputable": true,
    "loaded": 328,
    "total": 551,
  },
  Object {
    "lengthComputable": true,
    "loaded": 329,
    "total": 551,
  },
  Object {
    "lengthComputable": true,
    "loaded": 330,
    "total": 551,
  },
  Object {
    "lengthComputable": true,
    "loaded": 331,
    "total": 551,
  },
  Object {
    "lengthComputable": true,
    "loaded": 332,
    "total": 551,
  },
  Object {
    "lengthComputable": true,
    "loaded": 333,
    "total": 551,
  },
  Object {
    "lengthComputable": true,
    "loaded": 334,
    "total": 551,
  },
  Object {
    "lengthComputable": true,
    "loaded": 335,
    "total": 551,
  },
  Object {
    "lengthComputable": true,
    "loaded": 336,
    "total": 551,
  },
  Object {
    "lengthComputable": true,
    "loaded": 337,
    "total": 551,
  },
  Object {
    "lengthComputable": true,
    "loaded": 338,
    "total": 551,
  },
  Object {
    "lengthComputable": true,
    "loaded": 339,
    "total": 551,
  },
  Object {
    "lengthComputable": true,
    "loaded": 340,
    "total": 551,
  },
  Object {
    "lengthComputable": true,
    "loaded": 341,
    "total": 551,
  },
  Object {
    "lengthComputable": true,
    "loaded": 342,
    "total": 551,
  },
  Object {
    "lengthComputable": true,
    "loaded": 343,
    "total": 551,
  },
  Object {
    "lengthComputable": true,
    "loaded": 344,
    "total": 551,
  },
  Object {
    "lengthComputable": true,
    "loaded": 345,
    "total": 551,
  },
  Object {
    "lengthComputable": true,
    "loaded": 346,
    "total": 551,
  },
  Object {
    "lengthComputable": true,
    "loaded": 347,
    "total": 551,
  },
  Object {
    "lengthComputable": true,
    "loaded": 348,
    "total": 551,
  },
  Object {
    "lengthComputable": true,
    "loaded": 349,
    "total": 551,
  },
  Object {
    "lengthComputable": true,
    "loaded": 350,
    "total": 551,
  },
  Object {
    "lengthComputable": true,
    "loaded": 351,
    "total": 551,
  },
  Object {
    "lengthComputable": true,
    "loaded": 352,
    "total": 551,
  },
  Object {
    "lengthComputable": true,
    "loaded": 353,
    "total": 551,
  },
  Object {
    "lengthComputable": true,
    "loaded": 354,
    "total": 551,
  },
  Object {
    "lengthComputable": true,
    "loaded": 355,
    "total": 551,
  },
  Object {
    "lengthComputable": true,
    "loaded": 356,
    "total": 551,
  },
  Object {
    "lengthComputable": true,
    "loaded": 357,
    "total": 551,
  },
  Object {
    "lengthComputable": true,
    "loaded": 358,
    "total": 551,
  },
  Object {
    "lengthComputable": true,
    "loaded": 359,
    "total": 551,
  },
  Object {
    "lengthComputable": true,
    "loaded": 360,
    "total": 551,
  },
  Object {
    "lengthComputable": true,
    "loaded": 361,
    "total": 551,
  },
  Object {
    "lengthComputable": true,
    "loaded": 362,
    "total": 551,
  },
  Object {
    "lengthComputable": true,
    "loaded": 363,
    "total": 551,
  },
  Object {
    "lengthComputable": true,
    "loaded": 364,
    "total": 551,
  },
  Object {
    "lengthComputable": true,
    "loaded": 365,
    "total": 551,
  },
  Object {
    "lengthComputable": true,
    "loaded": 366,
    "total": 551,
  },
  Object {
    "lengthComputable": true,
    "loaded": 367,
    "total": 551,
  },
  Object {
    "lengthComputable": true,
    "loaded": 368,
    "total": 551,
  },
  Object {
    "lengthComputable": true,
    "loaded": 369,
    "total": 551,
  },
  Object {
    "lengthComputable": true,
    "loaded": 370,
    "total": 551,
  },
  Object {
    "lengthComputable": true,
    "loaded": 371,
    "total": 551,
  },
  Object {
    "lengthComputable": true,
    "loaded": 372,
    "total": 551,
  },
  Object {
    "lengthComputable": true,
    "loaded": 373,
    "total": 551,
  },
  Object {
    "lengthComputable": true,
    "loaded": 374,
    "total": 551,
  },
  Object {
    "lengthComputable": true,
    "loaded": 375,
    "total": 551,
  },
  Object {
    "lengthComputable": true,
    "loaded": 376,
    "total": 551,
  },
  Object {
    "lengthComputable": true,
    "loaded": 377,
    "total": 551,
  },
  Object {
    "lengthComputable": true,
    "loaded": 378,
    "total": 551,
  },
  Object {
    "lengthComputable": true,
    "loaded": 379,
    "total": 551,
  },
  Object {
    "lengthComputable": true,
    "loaded": 380,
    "total": 551,
  },
  Object {
    "lengthComputable": true,
    "loaded": 381,
    "total": 551,
  },
  Object {
    "lengthComputable": true,
    "loaded": 382,
    "total": 551,
  },
  Object {
    "lengthComputable": true,
    "loaded": 383,
    "total": 551,
  },
  Object {
    "lengthComputable": true,
    "loaded": 384,
    "total": 551,
  },
  Object {
    "lengthComputable": true,
    "loaded": 385,
    "total": 551,
  },
  Object {
    "lengthComputable": true,
    "loaded": 386,
    "total": 551,
  },
  Object {
    "lengthComputable": true,
    "loaded": 387,
    "total": 551,
  },
  Object {
    "lengthComputable": true,
    "loaded": 388,
    "total": 551,
  },
  Object {
    "lengthComputable": true,
    "loaded": 389,
    "total": 551,
  },
  Object {
    "lengthComputable": true,
    "loaded": 390,
    "total": 551,
  },
  Object {
    "lengthComputable": true,
    "loaded": 391,
    "total": 551,
  },
  Object {
    "lengthComputable": true,
    "loaded": 392,
    "total": 551,
  },
  Object {
    "lengthComputable": true,
    "loaded": 393,
    "total": 551,
  },
  Object {
    "lengthComputable": true,
    "loaded": 394,
    "total": 551,
  },
  Object {
    "lengthComputable": true,
    "loaded": 395,
    "total": 551,
  },
  Object {
    "lengthComputable": true,
    "loaded": 396,
    "total": 551,
  },
  Object {
    "lengthComputable": true,
    "loaded": 397,
    "total": 551,
  },
  Object {
    "lengthComputable": true,
    "loaded": 398,
    "total": 551,
  },
  Object {
    "lengthComputable": true,
    "loaded": 399,
    "total": 551,
  },
  Object {
    "lengthComputable": true,
    "loaded": 400,
    "total": 551,
  },
  Object {
    "lengthComputable": true,
    "loaded": 401,
    "total": 551,
  },
  Object {
    "lengthComputable": true,
    "loaded": 402,
    "total": 551,
  },
  Object {
    "lengthComputable": true,
    "loaded": 403,
    "total": 551,
  },
  Object {
    "lengthComputable": true,
    "loaded": 404,
    "total": 551,
  },
  Object {
    "lengthComputable": true,
    "loaded": 405,
    "total": 551,
  },
  Object {
    "lengthComputable": true,
    "loaded": 406,
    "total": 551,
  },
  Object {
    "lengthComputable": true,
    "loaded": 407,
    "total": 551,
  },
  Object {
    "lengthComputable": true,
    "loaded": 408,
    "total": 551,
  },
  Object {
    "lengthComputable": true,
    "loaded": 409,
    "total": 551,
  },
  Object {
    "lengthComputable": true,
    "loaded": 410,
    "total": 551,
  },
  Object {
    "lengthComputable": true,
    "loaded": 411,
    "total": 551,
  },
  Object {
    "lengthComputable": true,
    "loaded": 412,
    "total": 551,
  },
  Object {
    "lengthComputable": true,
    "loaded": 413,
    "total": 551,
  },
  Object {
    "lengthComputable": true,
    "loaded": 414,
    "total": 551,
  },
  Object {
    "lengthComputable": true,
    "loaded": 415,
    "total": 551,
  },
  Object {
    "lengthComputable": true,
    "loaded": 416,
    "total": 551,
  },
  Object {
    "lengthComputable": true,
    "loaded": 417,
    "total": 551,
  },
  Object {
    "lengthComputable": true,
    "loaded": 418,
    "total": 551,
  },
  Object {
    "lengthComputable": true,
    "loaded": 419,
    "total": 551,
  },
  Object {
    "lengthComputable": true,
    "loaded": 420,
    "total": 551,
  },
  Object {
    "lengthComputable": true,
    "loaded": 421,
    "total": 551,
  },
  Object {
    "lengthComputable": true,
    "loaded": 422,
    "total": 551,
  },
  Object {
    "lengthComputable": true,
    "loaded": 423,
    "total": 551,
  },
  Object {
    "lengthComputable": true,
    "loaded": 424,
    "total": 551,
  },
  Object {
    "lengthComputable": true,
    "loaded": 425,
    "total": 551,
  },
  Object {
    "lengthComputable": true,
    "loaded": 426,
    "total": 551,
  },
  Object {
    "lengthComputable": true,
    "loaded": 427,
    "total": 551,
  },
  Object {
    "lengthComputable": true,
    "loaded": 428,
    "total": 551,
  },
  Object {
    "lengthComputable": true,
    "loaded": 429,
    "total": 551,
  },
  Object {
    "lengthComputable": true,
    "loaded": 430,
    "total": 551,
  },
  Object {
    "lengthComputable": true,
    "loaded": 431,
    "total": 551,
  },
  Object {
    "lengthComputable": true,
    "loaded": 432,
    "total": 551,
  },
  Object {
    "lengthComputable": true,
    "loaded": 433,
    "total": 551,
  },
  Object {
    "lengthComputable": true,
    "loaded": 434,
    "total": 551,
  },
  Object {
    "lengthComputable": true,
    "loaded": 435,
    "total": 551,
  },
  Object {
    "lengthComputable": true,
    "loaded": 436,
    "total": 551,
  },
  Object {
    "lengthComputable": true,
    "loaded": 437,
    "total": 551,
  },
  Object {
    "lengthComputable": true,
    "loaded": 438,
    "total": 551,
  },
  Object {
    "lengthComputable": true,
    "loaded": 439,
    "total": 551,
  },
  Object {
    "lengthComputable": true,
    "loaded": 440,
    "total": 551,
  },
  Object {
    "lengthComputable": true,
    "loaded": 441,
    "total": 551,
  },
  Object {
    "lengthComputable": true,
    "loaded": 442,
    "total": 551,
  },
  Object {
    "lengthComputable": true,
    "loaded": 443,
    "total": 551,
  },
  Object {
    "lengthComputable": true,
    "loaded": 444,
    "total": 551,
  },
  Object {
    "lengthComputable": true,
    "loaded": 445,
    "total": 551,
  },
  Object {
    "lengthComputable": true,
    "loaded": 446,
    "total": 551,
  },
  Object {
    "lengthComputable": true,
    "loaded": 447,
    "total": 551,
  },
  Object {
    "lengthComputable": true,
    "loaded": 448,
    "total": 551,
  },
  Object {
    "lengthComputable": true,
    "loaded": 449,
    "total": 551,
  },
  Object {
    "lengthComputable": true,
    "loaded": 450,
    "total": 551,
  },
  Object {
    "lengthComputable": true,
    "loaded": 451,
    "total": 551,
  },
  Object {
    "lengthComputable": true,
    "loaded": 452,
    "total": 551,
  },
  Object {
    "lengthComputable": true,
    "loaded": 453,
    "total": 551,
  },
  Object {
    "lengthComputable": true,
    "loaded": 454,
    "total": 551,
  },
  Object {
    "lengthComputable": true,
    "loaded": 455,
    "total": 551,
  },
  Object {
    "lengthComputable": true,
    "loaded": 456,
    "total": 551,
  },
  Object {
    "lengthComputable": true,
    "loaded": 457,
    "total": 551,
  },
  Object {
    "lengthComputable": true,
    "loaded": 458,
    "total": 551,
  },
  Object {
    "lengthComputable": true,
    "loaded": 459,
    "total": 551,
  },
  Object {
    "lengthComputable": true,
    "loaded": 460,
    "total": 551,
  },
  Object {
    "lengthComputable": true,
    "loaded": 461,
    "total": 551,
  },
  Object {
    "lengthComputable": true,
    "loaded": 462,
    "total": 551,
  },
  Object {
    "lengthComputable": true,
    "loaded": 463,
    "total": 551,
  },
  Object {
    "lengthComputable": true,
    "loaded": 464,
    "total": 551,
  },
  Object {
    "lengthComputable": true,
    "loaded": 465,
    "total": 551,
  },
  Object {
    "lengthComputable": true,
    "loaded": 466,
    "total": 551,
  },
  Object {
    "lengthComputable": true,
    "loaded": 467,
    "total": 551,
  },
  Object {
    "lengthComputable": true,
    "loaded": 468,
    "total": 551,
  },
  Object {
    "lengthComputable": true,
    "loaded": 469,
    "total": 551,
  },
  Object {
    "lengthComputable": true,
    "loaded": 470,
    "total": 551,
  },
  Object {
    "lengthComputable": true,
    "loaded": 471,
    "total": 551,
  },
  Object {
    "lengthComputable": true,
    "loaded": 472,
    "total": 551,
  },
  Object {
    "lengthComputable": true,
    "loaded": 473,
    "total": 551,
  },
  Object {
    "lengthComputable": true,
    "loaded": 474,
    "total": 551,
  },
  Object {
    "lengthComputable": true,
    "loaded": 475,
    "total": 551,
  },
  Object {
    "lengthComputable": true,
    "loaded": 476,
    "total": 551,
  },
  Object {
    "lengthComputable": true,
    "loaded": 477,
    "total": 551,
  },
  Object {
    "lengthComputable": true,
    "loaded": 478,
    "total": 551,
  },
  Object {
    "lengthComputable": true,
    "loaded": 479,
    "total": 551,
  },
  Object {
    "lengthComputable": true,
    "loaded": 480,
    "total": 551,
  },
  Object {
    "lengthComputable": true,
    "loaded": 481,
    "total": 551,
  },
  Object {
    "lengthComputable": true,
    "loaded": 482,
    "total": 551,
  },
  Object {
    "lengthComputable": true,
    "loaded": 483,
    "total": 551,
  },
  Object {
    "lengthComputable": true,
    "loaded": 484,
    "total": 551,
  },
  Object {
    "lengthComputable": true,
    "loaded": 485,
    "total": 551,
  },
  Object {
    "lengthComputable": true,
    "loaded": 486,
    "total": 551,
  },
  Object {
    "lengthComputable": true,
    "loaded": 487,
    "total": 551,
  },
  Object {
    "lengthComputable": true,
    "loaded": 488,
    "total": 551,
  },
  Object {
    "lengthComputable": true,
    "loaded": 489,
    "total": 551,
  },
  Object {
    "lengthComputable": true,
    "loaded": 490,
    "total": 551,
  },
  Object {
    "lengthComputable": true,
    "loaded": 491,
    "total": 551,
  },
  Object {
    "lengthComputable": true,
    "loaded": 492,
    "total": 551,
  },
  Object {
    "lengthComputable": true,
    "loaded": 493,
    "total": 551,
  },
  Object {
    "lengthComputable": true,
    "loaded": 494,
    "total": 551,
  },
  Object {
    "lengthComputable": true,
    "loaded": 495,
    "total": 551,
  },
  Object {
    "lengthComputable": true,
    "loaded": 496,
    "total": 551,
  },
  Object {
    "lengthComputable": true,
    "loaded": 497,
    "total": 551,
  },
  Object {
    "lengthComputable": true,
    "loaded": 498,
    "total": 551,
  },
  Object {
    "lengthComputable": true,
    "loaded": 499,
    "total": 551,
  },
  Object {
    "lengthComputable": true,
    "loaded": 500,
    "total": 551,
  },
  Object {
    "lengthComputable": true,
    "loaded": 501,
    "total": 551,
  },
  Object {
    "lengthComputable": true,
    "loaded": 502,
    "total": 551,
  },
  Object {
    "lengthComputable": true,
    "loaded": 503,
    "total": 551,
  },
  Object {
    "lengthComputable": true,
    "loaded": 504,
    "total": 551,
  },
  Object {
    "lengthComputable": true,
    "loaded": 505,
    "total": 551,
  },
  Object {
    "lengthComputable": true,
    "loaded": 506,
    "total": 551,
  },
  Object {
    "lengthComputable": true,
    "loaded": 507,
    "total": 551,
  },
  Object {
    "lengthComputable": true,
    "loaded": 508,
    "total": 551,
  },
  Object {
    "lengthComputable": true,
    "loaded": 509,
    "total": 551,
  },
  Object {
    "lengthComputable": true,
    "loaded": 510,
    "total": 551,
  },
  Object {
    "lengthComputable": true,
    "loaded": 511,
    "total": 551,
  },
  Object {
    "lengthComputable": true,
    "loaded": 512,
    "total": 551,
  },
  Object {
    "lengthComputable": true,
    "loaded": 513,
    "total": 551,
  },
  Object {
    "lengthComputable": true,
    "loaded": 514,
    "total": 551,
  },
  Object {
    "lengthComputable": true,
    "loaded": 515,
    "total": 551,
  },
  Object {
    "lengthComputable": true,
    "loaded": 516,
    "total": 551,
  },
  Object {
    "lengthComputable": true,
    "loaded": 517,
    "total": 551,
  },
  Object {
    "lengthComputable": true,
    "loaded": 518,
    "total": 551,
  },
  Object {
    "lengthComputable": true,
    "loaded": 519,
    "total": 551,
  },
  Object {
    "lengthComputable": true,
    "loaded": 520,
    "total": 551,
  },
  Object {
    "lengthComputable": true,
    "loaded": 521,
    "total": 551,
  },
  Object {
    "lengthComputable": true,
    "loaded": 522,
    "total": 551,
  },
  Object {
    "lengthComputable": true,
    "loaded": 523,
    "total": 551,
  },
  Object {
    "lengthComputable": true,
    "loaded": 524,
    "total": 551,
  },
  Object {
    "lengthComputable": true,
    "loaded": 525,
    "total": 551,
  },
  Object {
    "lengthComputable": true,
    "loaded": 526,
    "total": 551,
  },
  Object {
    "lengthComputable": true,
    "loaded": 527,
    "total": 551,
  },
  Object {
    "lengthComputable": true,
    "loaded": 528,
    "total": 551,
  },
  Object {
    "lengthComputable": true,
    "loaded": 529,
    "total": 551,
  },
  Object {
    "lengthComputable": true,
    "loaded": 530,
    "total": 551,
  },
  Object {
    "lengthComputable": true,
    "loaded": 531,
    "total": 551,
  },
  Object {
    "lengthComputable": true,
    "loaded": 532,
    "total": 551,
  },
  Object {
    "lengthComputable": true,
    "loaded": 533,
    "total": 551,
  },
  Object {
    "lengthComputable": true,
    "loaded": 534,
    "total": 551,
  },
  Object {
    "lengthComputable": true,
    "loaded": 535,
    "total": 551,
  },
  Object {
    "lengthComputable": true,
    "loaded": 536,
    "total": 551,
  },
  Object {
    "lengthComputable": true,
    "loaded": 537,
    "total": 551,
  },
  Object {
    "lengthComputable": true,
    "loaded": 538,
    "total": 551,
  },
  Object {
    "lengthComputable": true,
    "loaded": 539,
    "total": 551,
  },
  Object {
    "lengthComputable": true,
    "loaded": 540,
    "total": 551,
  },
  Object {
    "lengthComputable": true,
    "loaded": 541,
    "total": 551,
  },
  Object {
    "lengthComputable": true,
    "loaded": 542,
    "total": 551,
  },
  Object {
    "lengthComputable": true,
    "loaded": 543,
    "total": 551,
  },
  Object {
    "lengthComputable": true,
    "loaded": 544,
    "total": 551,
  },
  Object {
    "lengthComputable": true,
    "loaded": 545,
    "total": 551,
  },
  Object {
    "lengthComputable": true,
    "loaded": 546,
    "total": 551,
  },
  Object {
    "lengthComputable": true,
    "loaded": 547,
    "total": 551,
  },
  Object {
    "lengthComputable": true,
    "loaded": 548,
    "total": 551,
  },
  Object {
    "lengthComputable": true,
    "loaded": 549,
    "total": 551,
  },
  Object {
    "lengthComputable": true,
    "loaded": 550,
    "total": 551,
  },
  Object {
    "lengthComputable": true,
    "loaded": 551,
    "total": 551,
  },
]
`;
