// Jest Snapshot v1, https://goo.gl/fbAQLP

exports[`GitObjectManager test missing 1`] = `[Error: Failed to read git object with oid aaaaaaaaaaaaaaaaaaaaaaaaaaaaaaaaaaaaaaaa]`;

exports[`GitObjectManager test shallow 1`] = `[Error: Failed to read git object with oid b8b1fcecbc6f5ea8bc915c3ac319e8c9eb204f95 because it is a shallow commit]`;
