// Jest Snapshot v1, https://goo.gl/fbAQLP

exports[`addRemote invalid remote name 1`] = `
Object {
  "caller": "git.addRemote",
  "code": "InvalidRefNameError",
  "data": Object {
    "noun": "remote",
    "ref": "@{HEAD~1}",
    "suggestion": "-HEAD-1}",
    "verb": "add",
  },
  "message": "Failed to add remote \\"@{HEAD~1}\\" because that name would not be a valid git reference. A valid alternative would be \\"-HEAD-1}\\".",
}
`;

exports[`addRemote missing argument 1`] = `
Object {
  "caller": "git.addRemote",
  "code": "MissingRequiredParameterError",
  "data": Object {
    "function": "addRemote",
    "parameter": "url",
  },
  "message": "The function \\"addRemote\\" requires a \\"url\\" parameter but none was provided.",
}
`;
