// Jest Snapshot v1, https://goo.gl/fbAQLP

exports[`exports exposes only the intended API functions 1`] = `
Array [
  "E",
  "STAGE",
  "TREE",
  "WORKDIR",
  "add",
  "addNote",
  "addRemote",
  "annotatedTag",
  "branch",
  "checkout",
  "clone",
  "commit",
  "currentBranch",
  "default",
  "deleteBranch",
  "deleteRef",
  "deleteRemote",
  "deleteTag",
  "expandOid",
  "expandRef",
  "fetch",
  "findMergeBase",
  "findRoot",
  "getConfig",
  "getConfigAll",
  "getRemoteInfo",
  "hashBlob",
  "indexPack",
  "init",
  "isDescendent",
  "listBranches",
  "listFiles",
  "listNotes",
  "listRemotes",
  "listTags",
  "log",
  "merge",
  "packObjects",
  "pull",
  "push",
  "readBlob",
  "readCommit",
  "readNote",
  "readObject",
  "readTag",
  "readTree",
  "remove",
  "removeNote",
  "resetIndex",
  "resolveRef",
  "setConfig",
  "status",
  "statusMatrix",
  "tag",
  "verify",
  "version",
  "walk",
  "writeBlob",
  "writeCommit",
  "writeObject",
  "writeRef",
  "writeTag",
  "writeTree",
]
`;
